I 1000
Successful insertion of 1000 with node bit test 9
I 9000
Successful insertion of 9000 with node bit test 13
I 7999
Successful insertion of 7999 with node bit test 12
I 999
Successful insertion of 999 with node bit test 3
I 900
Successful insertion of 900 with node bit test 6
I 100
Successful insertion of 100 with node bit test 6
I 200
Successful insertion of 200 with node bit test 7
I 20
Successful insertion of 20 with node bit test 4
I 99
Successful insertion of 99 with node bit test 2
I 2
Successful insertion of 2 with node bit test 1
