I 4985
Successful insertion of 4985 with node bit test 12
I 8340
Successful insertion of 8340 with node bit test 13
I 8142
Successful insertion of 8142 with node bit test 11
I 8424
Successful insertion of 8424 with node bit test 6
I 7375
Successful insertion of 7375 with node bit test 9
I 9103
Successful insertion of 9103 with node bit test 9
I 8261
Successful insertion of 8261 with node bit test 7
I 8123
Successful insertion of 8123 with node bit test 6
I 929
Successful insertion of 929 with node bit test 9
I 5498
Successful insertion of 5498 with node bit test 10
I 8659
Successful insertion of 8659 with node bit test 8
I 2392
Successful insertion of 2392 with node bit test 11
